Copyright 1986-2017 Xilinx, Inc. All Rights Reserved.
-------------------------------------------------------------------------------------------
| Tool Version : Vivado v.2017.2 (lin64) Build 1909853 Thu Jun 15 18:39:10 MDT 2017
| Date         : Sat Nov 18 13:31:01 2017
| Host         : nezin-desktop running 64-bit Ubuntu 16.04.3 LTS
| Command      : report_control_sets -verbose -file conv_relu_pool_control_sets_placed.rpt
| Design       : conv_relu_pool
| Device       : xc7z020
-------------------------------------------------------------------------------------------

Control Set Information

Table of Contents
-----------------
1. Summary
2. Flip-Flop Distribution
3. Detailed Control Set Information

1. Summary
----------

+----------------------------------------------------------+-------+
|                          Status                          | Count |
+----------------------------------------------------------+-------+
| Number of unique control sets                            |    24 |
| Unused register locations in slices containing registers |    55 |
+----------------------------------------------------------+-------+


2. Flip-Flop Distribution
-------------------------

+--------------+-----------------------+------------------------+-----------------+--------------+
| Clock Enable | Synchronous Set/Reset | Asynchronous Set/Reset | Total Registers | Total Slices |
+--------------+-----------------------+------------------------+-----------------+--------------+
| No           | No                    | No                     |             481 |          207 |
| No           | No                    | Yes                    |               0 |            0 |
| No           | Yes                   | No                     |              44 |           15 |
| Yes          | No                    | No                     |             198 |           38 |
| Yes          | No                    | Yes                    |               0 |            0 |
| Yes          | Yes                   | No                     |              86 |           25 |
+--------------+-----------------------+------------------------+-----------------+--------------+


3. Detailed Control Set Information
-----------------------------------

+----------------+------------------------------------------------------------------------------------------------------------------------------------------------------+-----------------------------------------------------------------------------------------------------+------------------+----------------+
|  Clock Signal  |                                                                     Enable Signal                                                                    |                                           Set/Reset Signal                                          | Slice Load Count | Bel Load Count |
+----------------+------------------------------------------------------------------------------------------------------------------------------------------------------+-----------------------------------------------------------------------------------------------------+------------------+----------------+
|  clk_IBUF_BUFG | rst_IBUF                                                                                                                                             | conv1/fifo_128_1/U0/inst_fifo_gen/gconvfifo.rf/grf.rf/gntv_or_sync_fifo.gl0.wr/gwss.wsts/ram_full_i |                1 |              1 |
|  clk_IBUF_BUFG | rst_IBUF                                                                                                                                             | conv0/fifo_128_1/U0/inst_fifo_gen/gconvfifo.rf/grf.rf/gntv_or_sync_fifo.gl0.wr/gwss.wsts/ram_full_i |                1 |              1 |
|  clk_IBUF_BUFG | conv1/h1/sel_valid                                                                                                                                   | rst_IBUF                                                                                            |                3 |              7 |
|  clk_IBUF_BUFG | conv0/h0/F/U0/i_synth/g_transpose_single_rate.i_transpose_single_rate/g_cnfg_and_reload.i_cnfg_and_reload/i_config_chan_fifo/wr_enable               |                                                                                                     |                1 |              7 |
|  clk_IBUF_BUFG | conv0/h0/F/U0/i_synth/g_transpose_single_rate.i_transpose_single_rate/g_cnfg_and_reload.i_cnfg_and_reload/g_fsel_store.i_next_chan_dly/next_chan_dly |                                                                                                     |                1 |              7 |
|  clk_IBUF_BUFG | conv0/h0/F/U0/i_synth/g_transpose_single_rate.i_transpose_single_rate/g_cnfg_and_reload.i_cnfg_and_reload/config_chan_read                           |                                                                                                     |                1 |              7 |
|  clk_IBUF_BUFG | conv1/h1/F/U0/i_synth/g_transpose_single_rate.i_transpose_single_rate/g_cnfg_and_reload.i_cnfg_and_reload/config_chan_read                           |                                                                                                     |                1 |              7 |
|  clk_IBUF_BUFG | conv0/h0/sel_valid                                                                                                                                   | rst_IBUF                                                                                            |                3 |              7 |
|  clk_IBUF_BUFG | conv1/h1/F/U0/i_synth/g_transpose_single_rate.i_transpose_single_rate/g_cnfg_and_reload.i_cnfg_and_reload/i_config_chan_fifo/wr_enable               |                                                                                                     |                1 |              7 |
|  clk_IBUF_BUFG | conv1/h1/F/U0/i_synth/g_transpose_single_rate.i_transpose_single_rate/g_cnfg_and_reload.i_cnfg_and_reload/g_fsel_store.i_next_chan_dly/next_chan_dly |                                                                                                     |                1 |              7 |
|  clk_IBUF_BUFG | conv1/h1/F/U0/i_synth/g_transpose_single_rate.i_transpose_single_rate/g_s_data_chan_fifo.i_s_data_chan_fifo/wr_enable                                |                                                                                                     |                1 |              8 |
|  clk_IBUF_BUFG | conv0/h0/F/U0/i_synth/g_transpose_single_rate.i_transpose_single_rate/g_s_data_chan_fifo.i_s_data_chan_fifo/wr_enable                                |                                                                                                     |                1 |              8 |
|  clk_IBUF_BUFG | conv1/fifo_128_1/U0/inst_fifo_gen/gconvfifo.rf/grf.rf/gntv_or_sync_fifo.gl0.rd/grss.rsts/E[0]                                                        | rst_IBUF                                                                                            |                4 |             14 |
|  clk_IBUF_BUFG | conv0/fifo_128_1/U0/inst_fifo_gen/gconvfifo.rf/grf.rf/gntv_or_sync_fifo.gl0.rd/grss.rsts/E[0]                                                        | rst_IBUF                                                                                            |                3 |             14 |
|  clk_IBUF_BUFG | conv0/fifo_128_1/U0/inst_fifo_gen/gconvfifo.rf/grf.rf/gntv_or_sync_fifo.gl0.wr/gwss.wsts/E[0]                                                        | rst_IBUF                                                                                            |                6 |             21 |
|  clk_IBUF_BUFG | conv1/fifo_128_1/U0/inst_fifo_gen/gconvfifo.rf/grf.rf/gntv_or_sync_fifo.gl0.wr/gwss.wsts/E[0]                                                        | rst_IBUF                                                                                            |                4 |             21 |
|  clk_IBUF_BUFG | conv1/h1/F/U0/i_synth/g_transpose_single_rate.i_transpose_single_rate/i_latch_op/latch_op                                                            |                                                                                                     |                3 |             24 |
|  clk_IBUF_BUFG | conv0/h0/F/U0/i_synth/g_transpose_single_rate.i_transpose_single_rate/i_latch_op/latch_op                                                            |                                                                                                     |                7 |             24 |
|  ceclk_BUFG    | mp/d2/t_i_1_n_0                                                                                                                                      |                                                                                                     |                6 |             24 |
|  ceclk_BUFG    |                                                                                                                                                      |                                                                                                     |                7 |             25 |
|  clk_IBUF_BUFG |                                                                                                                                                      | rst_IBUF                                                                                            |               15 |             44 |
|  clk_IBUF_BUFG | conv0/h0/F/U0/i_synth/g_transpose_single_rate.i_transpose_single_rate/g_cntrl_filter_sel.i_cntrl_latch_fsel/E[0]                                     |                                                                                                     |               10 |             49 |
|  clk_IBUF_BUFG | conv1/h1/F/U0/i_synth/g_transpose_single_rate.i_transpose_single_rate/g_cntrl_filter_sel.i_cntrl_latch_fsel/E[0]                                     |                                                                                                     |                8 |             49 |
|  clk_IBUF_BUFG |                                                                                                                                                      |                                                                                                     |              205 |            478 |
+----------------+------------------------------------------------------------------------------------------------------------------------------------------------------+-----------------------------------------------------------------------------------------------------+------------------+----------------+


+--------+-----------------------+
| Fanout | Number of ControlSets |
+--------+-----------------------+
| 1      |                     2 |
| 7      |                     8 |
| 8      |                     2 |
| 14     |                     2 |
| 16+    |                    10 |
+--------+-----------------------+


