Copyright 1986-2017 Xilinx, Inc. All Rights Reserved.
------------------------------------------------------------------------------------
| Tool Version : Vivado v.2017.2 (lin64) Build 1909853 Thu Jun 15 18:39:10 MDT 2017
| Date         : Sat Mar 10 17:04:22 2018
| Host         : nezin-desktop running 64-bit Ubuntu 16.04.3 LTS
| Command      : report_control_sets -verbose -file matmul_control_sets_placed.rpt
| Design       : matmul
| Device       : xc7z020
------------------------------------------------------------------------------------

Control Set Information

Table of Contents
-----------------
1. Summary
2. Flip-Flop Distribution
3. Detailed Control Set Information

1. Summary
----------

+----------------------------------------------------------+-------+
|                          Status                          | Count |
+----------------------------------------------------------+-------+
| Number of unique control sets                            |     7 |
| Unused register locations in slices containing registers |    16 |
+----------------------------------------------------------+-------+


2. Flip-Flop Distribution
-------------------------

+--------------+-----------------------+------------------------+-----------------+--------------+
| Clock Enable | Synchronous Set/Reset | Asynchronous Set/Reset | Total Registers | Total Slices |
+--------------+-----------------------+------------------------+-----------------+--------------+
| No           | No                    | No                     |             544 |          209 |
| No           | No                    | Yes                    |               0 |            0 |
| No           | Yes                   | No                     |               0 |            0 |
| Yes          | No                    | No                     |             103 |           37 |
| Yes          | No                    | Yes                    |               0 |            0 |
| Yes          | Yes                   | No                     |              65 |           21 |
+--------------+-----------------------+------------------------+-----------------+--------------+


3. Detailed Control Set Information
-----------------------------------

+----------------+----------------------------------------------------------------------------------------------+------------------+------------------+----------------+
|  Clock Signal  |                                         Enable Signal                                        | Set/Reset Signal | Slice Load Count | Bel Load Count |
+----------------+----------------------------------------------------------------------------------------------+------------------+------------------+----------------+
|  clk_IBUF_BUFG | initialized                                                                                  | clear            |                2 |              9 |
|  clk_IBUF_BUFG | activation_fifo/U0/inst_fifo_gen/gconvfifo.rf/grf.rf/gntv_or_sync_fifo.gl0.wr/gwss.wsts/E[0] | srst             |                3 |             12 |
|  clk_IBUF_BUFG | activation_fifo_input[31]_i_1_n_0                                                            |                  |               19 |             32 |
|  clk_IBUF_BUFG | activation_fifo/U0/inst_fifo_gen/gconvfifo.rf/grf.rf/gntv_or_sync_fifo.gl0.rd/grss.rsts/E[0] | srst             |               16 |             44 |
|  clk_IBUF_BUFG | activation_fifo/U0/inst_fifo_gen/gconvfifo.rf/grf.rf/gntv_or_sync_fifo.gl0.wr/gwss.wsts/E[0] |                  |               11 |             44 |
|  clk_IBUF_BUFG | initialized                                                                                  |                  |               18 |             71 |
|  clk_IBUF_BUFG |                                                                                              |                  |              209 |            544 |
+----------------+----------------------------------------------------------------------------------------------+------------------+------------------+----------------+


+--------+-----------------------+
| Fanout | Number of ControlSets |
+--------+-----------------------+
| 9      |                     1 |
| 12     |                     1 |
| 16+    |                     5 |
+--------+-----------------------+


