#-----------------------------------------------------------
# Vivado v2017.2 (64-bit)
# SW Build 1909853 on Thu Jun 15 18:39:10 MDT 2017
# IP Build 1909766 on Thu Jun 15 19:58:00 MDT 2017
# Start of session at: Sat Nov 18 14:12:35 2017
# Process ID: 29946
# Current directory: /home/nezin/Documents/ECE395A/vhdl/conv_relu_pool
# Command line: vivado
# Log file: /home/nezin/Documents/ECE395A/vhdl/conv_relu_pool/vivado.log
# Journal file: /home/nezin/Documents/ECE395A/vhdl/conv_relu_pool/vivado.jou
#-----------------------------------------------------------
start_gui
open_project /home/nezin/Documents/ECE395A/vhdl/conv_relu_pool/conv_relu_pool.xpr
update_compile_order -fileset sources_1
write_project_tcl -all_properties -no_copy_sources -dump_project_info {/home/nezin/Documents/ECE395A/vhdl/conv_relu_pool/build_project.tcl}
write_project_tcl -all_properties -dump_project_info -force {/home/nezin/Documents/ECE395A/vhdl/conv_relu_pool/build_project.tcl}
remove_files  /home/nezin/Documents/ECE395A/vhdl/conv/conv.srcs/sources_1/new/conv_layer.vhd
launch_simulation
open_wave_config /home/nezin/Documents/ECE395A/vhdl/conv_relu_pool/conv_relu_pool_tb_behav.wcfg
source conv_relu_pool_tb.tcl
run 600 ms
