#-----------------------------------------------------------
# Vivado v2017.2 (64-bit)
# SW Build 1909853 on Thu Jun 15 18:39:10 MDT 2017
# IP Build 1909766 on Thu Jun 15 19:58:00 MDT 2017
# Start of session at: Thu Dec 21 17:17:54 2017
# Process ID: 18301
# Current directory: /home/nezin/Documents/ECE395A/vhdl
# Command line: vivado
# Log file: /home/nezin/Documents/ECE395A/vhdl/vivado.log
# Journal file: /home/nezin/Documents/ECE395A/vhdl/vivado.jou
#-----------------------------------------------------------
start_gui
open_project /home/nezin/Documents/ECE395A/vhdl/conv_2_layer/conv_2_layer.xpr
update_compile_order -fileset sources_1
# Disabling source management mode.  This is to allow the top design properties to be set without GUI intervention.
set_property source_mgmt_mode None [current_project]
set_property top conv_layer_2_tb [current_fileset]
# Re-enabling previously disabled source management mode.
set_property source_mgmt_mode All [current_project]
update_compile_order -fileset sources_1
reset_run synth_1
launch_runs impl_1 -jobs 16
wait_on_run impl_1
open_run impl_1
